// Jest Snapshot v1, https://goo.gl/fbAQLP

exports[`It describes the Recording component Matches a snapshot of Recording.jsx 1`] = `
<section>
  <h2>
    <Link
      to="/recording/123123123"
    >
      Hush
    </Link>
  </h2>
  <p>
    album version
  </p>
</section>
`;
